> Task :adp

> Task :compileJava
.\gradlew.bat : ----------
At line:1 char:48
+ ... j\MicroEJ"; .\gradlew.bat :compileJava --rerun-tasks *> compile.log;  ...
+                 ~~~~~~~~~~~~~~~~~~~~~~~~~~~~~~~~~~~~~~~~~~~~~~~~~~~~~~~
    + CategoryInfo          : NotSpecified: (----------:String) [], RemoteException
    + FullyQualifiedErrorId : NativeCommandError
 
1. ERROR in C:\Users\lucas\Documents\microej\MicroEJ\src\main\java\com\example\microej\NativeDeviceInfo.java (at line 9)
	return Util.getNativeString("NativeDeviceInfo.getFileEncoding");
	            ^^^^^^^^^^^^^^^
The method getNativeString(String) is undefined for the type Util
----------
2. ERROR in C:\Users\lucas\Documents\microej\MicroEJ\src\main\java\com\example\microej\NativeDeviceInfo.java (at line 14)
	return Util.getNativeString("NativeDeviceInfo.getRuntimeVersion");
	            ^^^^^^^^^^^^^^^
The method getNativeString(String) is undefined for the type Util
----------
3. ERROR in C:\Users\lucas\Documents\microej\MicroEJ\src\main\java\com\example\microej\NativeDeviceInfo.java (at line 19)
	return Util.getNativeString("NativeDeviceInfo.getOSName");
	            ^^^^^^^^^^^^^^^
The method getNativeString(String) is undefined for the type Util
----------
----------
4. ERROR in C:\Users\lucas\Documents\microej\MicroEJ\src\main\java\com\example\microej\pages\DeviceInfoPage.java (at line 114)
	refreshBtn.setOnClickListener(() -> {
	                              ^^^^^
Lambda expressions are allowed only at source level 1.8 or above
----------
5. ERROR in C:\Users\lucas\Documents\microej\MicroEJ\src\main\java\com\example\microej\pages\DeviceInfoPage.java (at line 131)
	gcBtn.setOnClickListener(() -> {
	                         ^^^^^
Lambda expressions are allowed only at source level 1.8 or above
----------
5 problems (5 errors)

> Task :compileJava FAILED

FAILURE: Build failed with an exception.

* What went wrong:
Execution failed for task ':compileJava'.
> Compilation failed with exit code -1; see the compiler error output for details.

* Try:
> Run with --info option to get more log output.
> Run with --scan to get full insights.

Deprecated Gradle features were used in this build, making it incompatible with Gradle 9.0.

You can use '--warning-mode all' to show the individual deprecation warnings and determine if they come from your own scripts or plugins.

For more on this, please refer to https://docs.gradle.org/8.10.2/userguide/command_line_interface.html#sec:command_line_warnings in the Gradle documentation.

BUILD FAILED in 9s
2 actionable tasks: 2 executed
